Loading conda_R/4.5
First sample weights (min/max) 0.7942015/1.2223254
First intra-block correlation  0.007040795
Final sample weights (min/max) 0.7946871/1.2222977
Final intra-block correlation  0.007041465
First sample weights (min/max) 0.8716192/1.2113158
First intra-block correlation  0.001469168
Final sample weights (min/max) 0.8716164/1.2113499
Final intra-block correlation  0.001472502
First sample weights (min/max) 0.7901221/1.2117641
First intra-block correlation  0.008743725
Final sample weights (min/max) 0.7907296/1.2117807
Final intra-block correlation  0.008743114
All contract, classification, multiplicity, and synthetic-model checks passed.
Stage: audit signature=d7fb6893ce5c
Stage: historical signature=d7fb6893ce5c
Stage: screen signature=d7fb6893ce5c
Primary screen: ptn_vasc_neuropil
Primary screen: ptn_vasc_neun
Primary screen: fgf1_neuropil_vasc
Primary screen: fgf2_neuropil_vasc
First sample weights (min/max) 0.2950808/1.7824084
First intra-block correlation  0.2249431
First sample weights (min/max) 0.301955/1.829494
Final sample weights (min/max) 0.2690751/1.5499767
First intra-block correlation  0.1987783
Final intra-block correlation  0.2252661
First sample weights (min/max) 0.2326975/1.5443368
First sample weights (min/max) 0.2326975/1.5443368
Final sample weights (min/max) 0.2705087/1.5697107
Final intra-block correlation  0.1991011
First intra-block correlation  0.3072349
First sample weights (min/max) 0.2818003/1.6530097
First intra-block correlation  0.3072349
First intra-block correlation  0.2836514
First sample weights (min/max) 0.2326975/1.5443368
Final sample weights (min/max) 0.2634534/1.5341451
Final sample weights (min/max) 0.2048234/1.5221021
Final sample weights (min/max) 0.2048234/1.5221021
Final intra-block correlation  0.2837771
First intra-block correlation  0.3072349
Final intra-block correlation  0.3080884
Final intra-block correlation  0.3080884
First sample weights (min/max) 0.3209793/1.6671670
First sample weights (min/max) 0.3281626/1.8025834
First sample weights (min/max) 0.3167048/1.7602488
First intra-block correlation  0.1823353
First intra-block correlation  0.1941166
Final sample weights (min/max) 0.2048234/1.5221021
First intra-block correlation  0.2748362
Final sample weights (min/max) 0.2860812/1.4776941
Final sample weights (min/max) 0.3123986/1.5568456
Final intra-block correlation  0.3080884
Final intra-block correlation  0.1826069
Final intra-block correlation  0.1944147
Primary screen: fgf1_neun_vasc
Final sample weights (min/max) 0.2958769/1.6854128
First sample weights (min/max) 0.3172495/1.7531600
Final intra-block correlation  0.2749366
First intra-block correlation  0.2179445
Final sample weights (min/max) 0.3063909/1.5382875
Final intra-block correlation  0.2182856
First sample weights (min/max) 0.2322075/1.7372992
First intra-block correlation  0.301168
Final sample weights (min/max) 0.2052395/1.5843696
Final intra-block correlation  0.3019793
Stage: sensitivity signature=d7fb6893ce5c
Sensitivity analyses: fgf1_neuropil_vasc
Sensitivity analyses: fgf2_neuropil_vasc
Sensitivity analyses: ptn_vasc_neun
Sensitivity analyses: ptn_vasc_neuropil
First sample weights (min/max) 0.2705392/1.6529059
First intra-block correlation  0.1795286
First sample weights (min/max) 0.2840188/1.6859387
Final sample weights (min/max) 0.2620113/1.5310493
First intra-block correlation  0.1535421
Final intra-block correlation  0.1795167
First sample weights (min/max) 0.222074/1.781302
First sample weights (min/max) 0.222074/1.781302
Final sample weights (min/max) 0.2741286/1.5560355
Final intra-block correlation  0.1536521
First intra-block correlation  0.2535842
First intra-block correlation  0.2535842
First sample weights (min/max) 0.2630693/1.9465677
First intra-block correlation  0.2428297
First sample weights (min/max) 0.222074/1.781302
Final sample weights (min/max) 0.2028116/1.5915083
Final sample weights (min/max) 0.2028116/1.5915083
Final sample weights (min/max) 0.2484248/1.8667849
First intra-block correlation  0.2535842
Final intra-block correlation  0.2426194
Final intra-block correlation  0.2539302
Final intra-block correlation  0.2539302
First sample weights (min/max) 0.2920763/1.6978243
First sample weights (min/max) 0.3366802/1.6024472
First sample weights (min/max) 0.359737/2.010004
First intra-block correlation  0.1481039
First intra-block correlation  0.1353552
Final sample weights (min/max) 0.2028116/1.5915083
First intra-block correlation  0.2355594
Final sample weights (min/max) 0.2818235/1.5747401
Final sample weights (min/max) 0.3253861/1.5008443
Final intra-block correlation  0.2539302
Final intra-block correlation  0.1481827
Final intra-block correlation  0.1354166
Final sample weights (min/max) 0.3487477/1.9273489
Final intra-block correlation  0.2354125
First sample weights (min/max) 0.2268461/1.6598432
Sensitivity analyses: fgf1_neun_vasc
First sample weights (min/max) 0.2844245/1.6499024
First intra-block correlation  0.2506952
First intra-block correlation  0.1688675
Final sample weights (min/max) 0.2763237/1.5402046
Final intra-block correlation  0.1688933
First sample weights (min/max) 0.2980915/1.7660331
Final sample weights (min/max) 0.2076977/1.5307085
First intra-block correlation  0.2327319
Final sample weights (min/max) 0.2700541/1.5373170
Final intra-block correlation  0.2330549
First sample weights (min/max) 0.2611927/1.5744784
Final intra-block correlation  0.2509931
First intra-block correlation  0.3183439
First sample weights (min/max) 0.2611927/1.5744784
Final sample weights (min/max) 0.2404931/1.4976592
Final intra-block correlation  0.3188377
First intra-block correlation  0.3183439
First sample weights (min/max) 0.3228462/1.7327511
First intra-block correlation  0.224007
Final sample weights (min/max) 0.2404931/1.4976592
Final sample weights (min/max) 0.3132067/1.5237194
Final intra-block correlation  0.2242895
Final intra-block correlation  0.3188377
First sample weights (min/max) 0.2911676/1.6888844
First intra-block correlation  0.3089354
Final sample weights (min/max) 0.268119/1.586965
Final intra-block correlation  0.3093446
Stage: report signature=d7fb6893ce5c
Completed: audit, historical, screen, sensitivity, report
