Loading conda_R/4.5
First sample weights (min/max) 0.7090452/1.5458693
First intra-block correlation  -0.001593344
Final sample weights (min/max) 0.705817/1.534729
Final intra-block correlation  -0.002469808
First sample weights (min/max) 0.697431/1.404037
First intra-block correlation  0.01586124
Final sample weights (min/max) 0.7210625/1.4123674
Final intra-block correlation  0.01600802
First sample weights (min/max) 0.716475/1.439392
First intra-block correlation  0.008239555
Final sample weights (min/max) 0.7113425/1.4443245
Final intra-block correlation  0.009003678
First sample weights (min/max) 0.6204362/1.4025289
First intra-block correlation  0.01086688
Final sample weights (min/max) 0.6289159/1.4022958
Final intra-block correlation  0.0105771
Sensitivity analyses: fgf1_neuropil_vasc
First sample weights (min/max) 0.7426418/1.5528632
First intra-block correlation  -0.01683113
Final sample weights (min/max) 0.7499466/1.5574500
Final intra-block correlation  -0.01921924
First sample weights (min/max) 0.6603406/1.5150522
First intra-block correlation  0.02055328
Final sample weights (min/max) 0.6629707/1.5155662
Final intra-block correlation  0.02092287
First sample weights (min/max) 0.7178823/1.5045449
First intra-block correlation  0.0249457
Final sample weights (min/max) 0.7170841/1.5108783
Final intra-block correlation  0.02513806
Sensitivity analyses: fgf2_neuropil_vasc
First sample weights (min/max) 0.6519923/1.4998091
First intra-block correlation  0.01857964
Final sample weights (min/max) 0.6599081/1.4914421
Final intra-block correlation  0.01776306
First sample weights (min/max) 0.7243963/1.4252557
First intra-block correlation  0.003100112
Final sample weights (min/max) 0.7254295/1.4246895
Final intra-block correlation  0.003052228
Loading raw spot object for overlap audit
First sample weights (min/max) 0.7578429/1.3544007
First intra-block correlation  0.01900658
Final sample weights (min/max) 0.7539329/1.3688578
Final intra-block correlation  0.0179034
First sample weights (min/max) 0.6257243/1.4679032
First intra-block correlation  0.01056821
Final sample weights (min/max) 0.6338592/1.4778152
Final intra-block correlation  0.01029398
First sample weights (min/max) 0.6592938/1.3900038
First intra-block correlation  -0.0003096084
Final sample weights (min/max) 0.6749266/1.3944358
Final intra-block correlation  -0.0006893068
First sample weights (min/max) 0.5944102/1.3961813
First intra-block correlation  -0.003530007
Final sample weights (min/max) 0.5984315/1.4050678
Final intra-block correlation  -0.003821743
Loading raw spot object for overlap audit
Loading raw spot object for overlap audit
Loading raw spot object for overlap audit
Synthetic positive-trigger diagnostics, joint FGF, raw reconstruction, shared-spot removal, sample-loss, count-mismatch, and zero-hit checks passed.
